=== 測試報告 ===
測試時間: 2025年 8月14日 週四 23時21分13秒 CST

測試: e2e/3x5-matrix/assessment-mode.spec.ts
  狀態: ❌ FAILED
    [chromium] › e2e/3x5-matrix/assessment-mode.spec.ts:46:7 › Assessment Mode - 5 Stages Complete Flow › Complete Assessment Flow - 5 Stages 
    [firefox] › e2e/3x5-matrix/assessment-mode.spec.ts:46:7 › Assessment Mode - 5 Stages Complete Flow › Complete Assessment Flow - 5 Stages 
    [webkit] › e2e/3x5-matrix/assessment-mode.spec.ts:46:7 › Assessment Mode - 5 Stages Complete Flow › Complete Assessment Flow - 5 Stages 

測試: e2e/3x5-matrix/demo-matrix.spec.ts
  狀態: ✅ PASSED

測試: e2e/3x5-matrix/discovery-mode.spec.ts
  狀態: ❌ FAILED
    [chromium] › e2e/3x5-matrix/discovery-mode.spec.ts:46:7 › Discovery Mode - 5 Stages Complete Flow › Complete Discovery Flow - 5 Stages 
    [firefox] › e2e/3x5-matrix/discovery-mode.spec.ts:46:7 › Discovery Mode - 5 Stages Complete Flow › Complete Discovery Flow - 5 Stages 
    [webkit] › e2e/3x5-matrix/discovery-mode.spec.ts:46:7 › Discovery Mode - 5 Stages Complete Flow › Complete Discovery Flow - 5 Stages 

測試: e2e/3x5-matrix/pbl-mode.spec.ts
  狀態: ❌ FAILED
    [chromium] › e2e/3x5-matrix/pbl-mode.spec.ts:46:7 › PBL Mode - 5 Stages Complete Flow › Complete PBL Learning Flow - 5 Stages 
    [firefox] › e2e/3x5-matrix/pbl-mode.spec.ts:46:7 › PBL Mode - 5 Stages Complete Flow › Complete PBL Learning Flow - 5 Stages 
    [webkit] › e2e/3x5-matrix/pbl-mode.spec.ts:46:7 › PBL Mode - 5 Stages Complete Flow › Complete PBL Learning Flow - 5 Stages 

測試: e2e/data-integrity/api-validation.spec.ts
  狀態: ❌ FAILED
    [webkit] › e2e/data-integrity/api-validation.spec.ts:139:7 › API Data Validation Tests › should enforce data type constraints 
    [webkit] › e2e/data-integrity/api-validation.spec.ts:220:7 › API Data Validation Tests › should handle pagination correctly 
  15 passed (15.0s)

測試: e2e/data-integrity/database-consistency.spec.ts
  狀態: ❌ FAILED
    [webkit] › e2e/data-integrity/database-consistency.spec.ts:99:7 › Database Consistency Tests › should have consistent status transitions 
    [webkit] › e2e/data-integrity/database-consistency.spec.ts:266:7 › Database Consistency Tests › should validate multilingual field structure 
  18 passed (9.0s)

測試: e2e/data-integrity/index.spec.ts
  狀態: ✅ PASSED

測試: e2e/data-integrity/state-management.spec.ts
  狀態: ❌ FAILED
    [webkit] › e2e/data-integrity/state-management.spec.ts:231:7 › State Management & Session Tests › should preserve navigation history 
    [webkit] › e2e/data-integrity/state-management.spec.ts:266:7 › State Management & Session Tests › should handle optimistic updates correctly 
  15 passed (44.0s)

測試: e2e/performance/api-performance.spec.ts
  狀態: ❌ FAILED
    [webkit] › e2e/performance/api-performance.spec.ts:107:7 › API Performance Tests › should implement caching effectively 
    [webkit] › e2e/performance/api-performance.spec.ts:207:7 › API Performance Tests › database connection pooling should be efficient 
  14 passed (22.3s)

測試: e2e/performance/index.spec.ts
  狀態: ✅ PASSED

測試: e2e/performance/load-time.spec.ts
